Archive member included to satisfy reference by file (symbol)

/opt/st/stm32cubeide_1.13.2/plugins/com.st.stm32cube.ide.mcu.externaltools.gnu-tools-for-stm32.11.3.rel1.linux64_1.1.1.202309131626/tools/bin/../lib/gcc/arm-none-eabi/11.3.1/../../../../arm-none-eabi/lib/thumb/v7-m/nofp/libc_nano.a(libc_a-exit.o)
                              /opt/st/stm32cubeide_1.13.2/plugins/com.st.stm32cube.ide.mcu.externaltools.gnu-tools-for-stm32.11.3.rel1.linux64_1.1.1.202309131626/tools/bin/../lib/gcc/arm-none-eabi/11.3.1/../../../../arm-none-eabi/lib/thumb/v7-m/nofp/crt0.o (exit)
/opt/st/stm32cubeide_1.13.2/plugins/com.st.stm32cube.ide.mcu.externaltools.gnu-tools-for-stm32.11.3.rel1.linux64_1.1.1.202309131626/tools/bin/../lib/gcc/arm-none-eabi/11.3.1/../../../../arm-none-eabi/lib/thumb/v7-m/nofp/libc_nano.a(libc_a-findfp.o)
                              /opt/st/stm32cubeide_1.13.2/plugins/com.st.stm32cube.ide.mcu.externaltools.gnu-tools-for-stm32.11.3.rel1.linux64_1.1.1.202309131626/tools/bin/../lib/gcc/arm-none-eabi/11.3.1/../../../../arm-none-eabi/lib/thumb/v7-m/nofp/libc_nano.a(libc_a-exit.o) (__stdio_exit_handler)
/opt/st/stm32cubeide_1.13.2/plugins/com.st.stm32cube.ide.mcu.externaltools.gnu-tools-for-stm32.11.3.rel1.linux64_1.1.1.202309131626/tools/bin/../lib/gcc/arm-none-eabi/11.3.1/../../../../arm-none-eabi/lib/thumb/v7-m/nofp/libc_nano.a(libc_a-fwalk.o)
                              /opt/st/stm32cubeide_1.13.2/plugins/com.st.stm32cube.ide.mcu.externaltools.gnu-tools-for-stm32.11.3.rel1.linux64_1.1.1.202309131626/tools/bin/../lib/gcc/arm-none-eabi/11.3.1/../../../../arm-none-eabi/lib/thumb/v7-m/nofp/libc_nano.a(libc_a-findfp.o) (_fwalk_sglue)
/opt/st/stm32cubeide_1.13.2/plugins/com.st.stm32cube.ide.mcu.externaltools.gnu-tools-for-stm32.11.3.rel1.linux64_1.1.1.202309131626/tools/bin/../lib/gcc/arm-none-eabi/11.3.1/../../../../arm-none-eabi/lib/thumb/v7-m/nofp/libc_nano.a(libc_a-stdio.o)
                              /opt/st/stm32cubeide_1.13.2/plugins/com.st.stm32cube.ide.mcu.externaltools.gnu-tools-for-stm32.11.3.rel1.linux64_1.1.1.202309131626/tools/bin/../lib/gcc/arm-none-eabi/11.3.1/../../../../arm-none-eabi/lib/thumb/v7-m/nofp/libc_nano.a(libc_a-findfp.o) (__sread)
/opt/st/stm32cubeide_1.13.2/plugins/com.st.stm32cube.ide.mcu.externaltools.gnu-tools-for-stm32.11.3.rel1.linux64_1.1.1.202309131626/tools/bin/../lib/gcc/arm-none-eabi/11.3.1/../../../../arm-none-eabi/lib/thumb/v7-m/nofp/libc_nano.a(libc_a-memset.o)
                              /opt/st/stm32cubeide_1.13.2/plugins/com.st.stm32cube.ide.mcu.externaltools.gnu-tools-for-stm32.11.3.rel1.linux64_1.1.1.202309131626/tools/bin/../lib/gcc/arm-none-eabi/11.3.1/../../../../arm-none-eabi/lib/thumb/v7-m/nofp/crt0.o (memset)
/opt/st/stm32cubeide_1.13.2/plugins/com.st.stm32cube.ide.mcu.externaltools.gnu-tools-for-stm32.11.3.rel1.linux64_1.1.1.202309131626/tools/bin/../lib/gcc/arm-none-eabi/11.3.1/../../../../arm-none-eabi/lib/thumb/v7-m/nofp/libc_nano.a(libc_a-closer.o)
                              /opt/st/stm32cubeide_1.13.2/plugins/com.st.stm32cube.ide.mcu.externaltools.gnu-tools-for-stm32.11.3.rel1.linux64_1.1.1.202309131626/tools/bin/../lib/gcc/arm-none-eabi/11.3.1/../../../../arm-none-eabi/lib/thumb/v7-m/nofp/libc_nano.a(libc_a-stdio.o) (_close_r)
/opt/st/stm32cubeide_1.13.2/plugins/com.st.stm32cube.ide.mcu.externaltools.gnu-tools-for-stm32.11.3.rel1.linux64_1.1.1.202309131626/tools/bin/../lib/gcc/arm-none-eabi/11.3.1/../../../../arm-none-eabi/lib/thumb/v7-m/nofp/libc_nano.a(libc_a-reent.o)
                              /opt/st/stm32cubeide_1.13.2/plugins/com.st.stm32cube.ide.mcu.externaltools.gnu-tools-for-stm32.11.3.rel1.linux64_1.1.1.202309131626/tools/bin/../lib/gcc/arm-none-eabi/11.3.1/../../../../arm-none-eabi/lib/thumb/v7-m/nofp/libc_nano.a(libc_a-closer.o) (errno)
/opt/st/stm32cubeide_1.13.2/plugins/com.st.stm32cube.ide.mcu.externaltools.gnu-tools-for-stm32.11.3.rel1.linux64_1.1.1.202309131626/tools/bin/../lib/gcc/arm-none-eabi/11.3.1/../../../../arm-none-eabi/lib/thumb/v7-m/nofp/libc_nano.a(libc_a-impure.o)
                              /opt/st/stm32cubeide_1.13.2/plugins/com.st.stm32cube.ide.mcu.externaltools.gnu-tools-for-stm32.11.3.rel1.linux64_1.1.1.202309131626/tools/bin/../lib/gcc/arm-none-eabi/11.3.1/../../../../arm-none-eabi/lib/thumb/v7-m/nofp/libc_nano.a(libc_a-reent.o) (_impure_ptr)
/opt/st/stm32cubeide_1.13.2/plugins/com.st.stm32cube.ide.mcu.externaltools.gnu-tools-for-stm32.11.3.rel1.linux64_1.1.1.202309131626/tools/bin/../lib/gcc/arm-none-eabi/11.3.1/../../../../arm-none-eabi/lib/thumb/v7-m/nofp/libc_nano.a(libc_a-lseekr.o)
                              /opt/st/stm32cubeide_1.13.2/plugins/com.st.stm32cube.ide.mcu.externaltools.gnu-tools-for-stm32.11.3.rel1.linux64_1.1.1.202309131626/tools/bin/../lib/gcc/arm-none-eabi/11.3.1/../../../../arm-none-eabi/lib/thumb/v7-m/nofp/libc_nano.a(libc_a-stdio.o) (_lseek_r)
[...]
Memory Configuration

Name             Origin             Length             Attributes
RAM              0x0000000020000000 0x0000000000002800 xrw
FLASH            0x0000000008000000 0x0000000000008000 xr
*default*        0x0000000000000000 0xffffffffffffffff

Linker script and memory map

LOAD /opt/st/stm32cubeide_1.13.2/plugins/com.st.stm32cube.ide.mcu.externaltools.gnu-tools-for-stm32.11.3.rel1.linux64_1.1.1.202309131626/tools/bin/../lib/gcc/arm-none-eabi/11.3.1/thumb/v7-m/nofp/crti.o
LOAD /opt/st/stm32cubeide_1.13.2/plugins/com.st.stm32cube.ide.mcu.externaltools.gnu-tools-for-stm32.11.3.rel1.linux64_1.1.1.202309131626/tools/bin/../lib/gcc/arm-none-eabi/11.3.1/thumb/v7-m/nofp/crtbegin.o
LOAD /opt/st/stm32cubeide_1.13.2/plugins/com.st.stm32cube.ide.mcu.externaltools.gnu-tools-for-stm32.11.3.rel1.linux64_1.1.1.202309131626/tools/bin/../lib/gcc/arm-none-eabi/11.3.1/../../../../arm-none-eabi/lib/thumb/v7-m/nofp/crt0.o
LOAD ./Core/Src/PID.o
LOAD ./Core/Src/can.o
LOAD ./Core/Src/gpio.o
LOAD ./Core/Src/main.o
LOAD ./Core/Src/stm32f1xx_hal_msp.o
LOAD ./Core/Src/stm32f1xx_it.o
LOAD ./Core/Src/syscalls.o
LOAD ./Core/Src/sysmem.o
LOAD ./Core/Src/system_stm32f1xx.o
LOAD ./Core/Src/tim.o
LOAD ./Core/Startup/startup_stm32f103c6tx.o
LOAD ./Drivers/STM32F1xx_HAL_Driver/Src/stm32f1xx_hal.o
LOAD ./Drivers/STM32F1xx_HAL_Driver/Src/stm32f1xx_hal_can.o
LOAD ./Drivers/STM32F1xx_HAL_Driver/Src/stm32f1xx_hal_cortex.o
LOAD ./Drivers/STM32F1xx_HAL_Driver/Src/stm32f1xx_hal_dma.o
LOAD ./Drivers/STM32F1xx_HAL_Driver/Src/stm32f1xx_hal_exti.o
LOAD ./Drivers/STM32F1xx_HAL_Driver/Src/stm32f1xx_hal_flash.o
LOAD ./Drivers/STM32F1xx_HAL_Driver/Src/stm32f1xx_hal_flash_ex.o
LOAD ./Drivers/STM32F1xx_HAL_Driver/Src/stm32f1xx_hal_gpio.o
LOAD ./Drivers/STM32F1xx_HAL_Driver/Src/stm32f1xx_hal_gpio_ex.o
LOAD ./Drivers/STM32F1xx_HAL_Driver/Src/stm32f1xx_hal_pwr.o
LOAD ./Drivers/STM32F1xx_HAL_Driver/Src/stm32f1xx_hal_rcc.o
LOAD ./Drivers/STM32F1xx_HAL_Driver/Src/stm32f1xx_hal_rcc_ex.o
LOAD ./Drivers/STM32F1xx_HAL_Driver/Src/stm32f1xx_hal_tim.o
LOAD ./Drivers/STM32F1xx_HAL_Driver/Src/stm32f1xx_hal_tim_ex.o
START GROUP
LOAD /opt/st/stm32cubeide_1.13.2/plugins/com.st.stm32cube.ide.mcu.externaltools.gnu-tools-for-stm32.11.3.rel1.linux64_1.1.1.202309131626/tools/bin/../lib/gcc/arm-none-eabi/11.3.1/../../../../arm-none-eabi/lib/thumb/v7-m/nofp/libc_nano.a
LOAD /opt/st/stm32cubeide_1.13.2/plugins/com.st.stm32cube.ide.mcu.externaltools.gnu-tools-for-stm32.11.3.rel1.linux64_1.1.1.202309131626/tools/bin/../lib/gcc/arm-none-eabi/11.3.1/../../../../arm-none-eabi/lib/thumb/v7-m/nofp/libm.a
END GROUP
START GROUP
LOAD /opt/st/stm32cubeide_1.13.2/plugins/com.st.stm32cube.ide.mcu.externaltools.gnu-tools-for-stm32.11.3.rel1.linux64_1.1.1.202309131626/tools/bin/../lib/gcc/arm-none-eabi/11.3.1/thumb/v7-m/nofp/libgcc.a
LOAD /opt/st/stm32cubeide_1.13.2/plugins/com.st.stm32cube.ide.mcu.externaltools.gnu-tools-for-stm32.11.3.rel1.linux64_1.1.1.202309131626/tools/bin/../lib/gcc/arm-none-eabi/11.3.1/../../../../arm-none-eabi/lib/thumb/v7-m/nofp/libc_nano.a
END GROUP
START GROUP
LOAD /opt/st/stm32cubeide_1.13.2/plugins/com.st.stm32cube.ide.mcu.externaltools.gnu-tools-for-stm32.11.3.rel1.linux64_1.1.1.202309131626/tools/bin/../lib/gcc/arm-none-eabi/11.3.1/thumb/v7-m/nofp/libgcc.a
LOAD /opt/st/stm32cubeide_1.13.2/plugins/com.st.stm32cube.ide.mcu.externaltools.gnu-tools-for-stm32.11.3.rel1.linux64_1.1.1.202309131626/tools/bin/../lib/gcc/arm-none-eabi/11.3.1/../../../../arm-none-eabi/lib/thumb/v7-m/nofp/libc_nano.a
LOAD /opt/st/stm32cubeide_1.13.2/plugins/com.st.stm32cube.ide.mcu.externaltools.gnu-tools-for-stm32.11.3.rel1.linux64_1.1.1.202309131626/tools/bin/../lib/gcc/arm-none-eabi/11.3.1/../../../../arm-none-eabi/lib/thumb/v7-m/nofp/libnosys.a
END GROUP
START GROUP
LOAD /opt/st/stm32cubeide_1.13.2/plugins/com.st.stm32cube.ide.mcu.externaltools.gnu-tools-for-stm32.11.3.rel1.linux64_1.1.1.202309131626/tools/bin/../lib/gcc/arm-none-eabi/11.3.1/thumb/v7-m/nofp/libgcc.a
LOAD /opt/st/stm32cubeide_1.13.2/plugins/com.st.stm32cube.ide.mcu.externaltools.gnu-tools-for-stm32.11.3.rel1.linux64_1.1.1.202309131626/tools/bin/../lib/gcc/arm-none-eabi/11.3.1/../../../../arm-none-eabi/lib/thumb/v7-m/nofp/libc_nano.a
LOAD /opt/st/stm32cubeide_1.13.2/plugins/com.st.stm32cube.ide.mcu.externaltools.gnu-tools-for-stm32.11.3.rel1.linux64_1.1.1.202309131626/tools/bin/../lib/gcc/arm-none-eabi/11.3.1/../../../../arm-none-eabi/lib/thumb/v7-m/nofp/libnosys.a
END GROUP
LOAD /opt/st/stm32cubeide_1.13.2/plugins/com.st.stm32cube.ide.mcu.externaltools.gnu-tools-for-stm32.11.3.rel1.linux64_1.1.1.202309131626/tools/bin/../lib/gcc/arm-none-eabi/11.3.1/thumb/v7-m/nofp/crtend.o
LOAD /opt/st/stm32cubeide_1.13.2/plugins/com.st.stm32cube.ide.mcu.externaltools.gnu-tools-for-stm32.11.3.rel1.linux64_1.1.1.202309131626/tools/bin/../lib/gcc/arm-none-eabi/11.3.1/thumb/v7-m/nofp/crtn.o
                0x0000000020002800                _estack = (ORIGIN (RAM) + LENGTH (RAM))
                0x0000000000000200                _Min_Heap_Size = 0x200
                0x0000000000000400                _Min_Stack_Size = 0x400

.isr_vector     0x0000000008000000      0x10c
                0x0000000008000000                . = ALIGN (0x4)
 *(.isr_vector)
 .isr_vector    0x0000000008000000      0x10c ./Core/Startup/startup_stm32f103c6tx.o
                0x0000000008000000                g_pfnVectors
                0x000000000800010c                . = ALIGN (0x4)

.text           0x0000000008000110     0x488c
                0x0000000008000110                . = ALIGN (0x4)
 *(.text)
 .text          0x0000000008000110       0x40 /opt/st/stm32cubeide_1.13.2/plugins/com.st.stm32cube.ide.mcu.externaltools.gnu-tools-for-stm32.11.3.rel1.linux64_1.1.1.202309131626/tools/bin/../lib/gcc/arm-none-eabi/11.3.1/thumb/v7-m/nofp/crtbegin.o
 .text          0x0000000008000150      0x254 /opt/st/stm32cubeide_1.13.2/plugins/com.st.stm32cube.ide.mcu.externaltools.gnu-tools-for-stm32.11.3.rel1.linux64_1.1.1.202309131626/tools/bin/../lib/gcc/arm-none-eabi/11.3.1/thumb/v7-m/nofp/libgcc.a(_arm_muldf3.o)
                0x0000000008000150                __aeabi_dmul
                0x0000000008000150                __muldf3
 .text          0x00000000080003a4      0x378 /opt/st/stm32cubeide_1.13.2/plugins/com.st.stm32cube.ide.mcu.externaltools.gnu-tools-for-stm32.11.3.rel1.linux64_1.1.1.202309131626/tools/bin/../lib/gcc/arm-none-eabi/11.3.1/thumb/v7-m/nofp/libgcc.a(_arm_addsubdf3.o)
                0x00000000080003a4                __aeabi_drsub
                0x00000000080003ac                __aeabi_dsub
                0x00000000080003ac                __subdf3
                0x00000000080003b0                __adddf3
                0x00000000080003b0                __aeabi_dadd
                0x0000000008000628                __aeabi_ui2d
                0x0000000008000628                __floatunsidf
                0x0000000008000648                __floatsidf
                0x0000000008000648                __aeabi_i2d
                0x000000000800066c                __extendsfdf2
                0x000000000800066c                __aeabi_f2d
                0x00000000080006b0                __aeabi_ul2d
                0x00000000080006b0                __floatundidf
                0x00000000080006c0                __floatdidf
                0x00000000080006c0                __aeabi_l2d
 .text          0x000000000800071c       0xa0 /opt/st/stm32cubeide_1.13.2/plugins/com.st.stm32cube.ide.mcu.externaltools.gnu-tools-for-stm32.11.3.rel1.linux64_1.1.1.202309131626/tools/bin/../lib/gcc/arm-none-eabi/11.3.1/thumb/v7-m/nofp/libgcc.a(_arm_truncdfsf2.o)
                0x000000000800071c                __aeabi_d2f
                0x000000000800071c                __truncdfsf2
 .text          0x00000000080007bc      0x21c /opt/st/stm32cubeide_1.13.2/plugins/com.st.stm32cube.ide.mcu.externaltools.gnu-tools-for-stm32.11.3.rel1.linux64_1.1.1.202309131626/tools/bin/../lib/gcc/arm-none-eabi/11.3.1/thumb/v7-m/nofp/libgcc.a(_arm_addsubsf3.o)
                0x00000000080007bc                __aeabi_frsub
                0x00000000080007c4                __subsf3
                0x00000000080007c4                __aeabi_fsub
                0x00000000080007c8                __aeabi_fadd
                0x00000000080007c8                __addsf3
                0x0000000008000928                __aeabi_ui2f
                0x0000000008000928                __floatunsisf
                0x0000000008000930                __aeabi_i2f
                0x0000000008000930                __floatsisf
                0x000000000800094c                __floatundisf
                0x000000000800094c                __aeabi_ul2f
                0x000000000800095c                __floatdisf
                0x000000000800095c                __aeabi_l2f
 .text          0x00000000080009d8      0x2a0 /opt/st/stm32cubeide_1.13.2/plugins/com.st.stm32cube.ide.mcu.externaltools.gnu-tools-for-stm32.11.3.rel1.linux64_1.1.1.202309131626/tools/bin/../lib/gcc/arm-none-eabi/11.3.1/thumb/v7-m/nofp/libgcc.a(_arm_muldivsf3.o)
                0x00000000080009d8                __mulsf3
                0x00000000080009d8                __aeabi_fmul
                0x0000000008000b40                __divsf3
                0x0000000008000b40                __aeabi_fdiv
 .text          0x0000000008000c78       0xec /opt/st/stm32cubeide_1.13.2/plugins/com.st.stm32cube.ide.mcu.externaltools.gnu-tools-for-stm32.11.3.rel1.linux64_1.1.1.202309131626/tools/bin/../lib/gcc/arm-none-eabi/11.3.1/thumb/v7-m/nofp/libgcc.a(_arm_cmpsf2.o)
                0x0000000008000c78                __gtsf2
                0x0000000008000c78                __gesf2
                0x0000000008000c80                __lesf2
                0x0000000008000c80                __ltsf2
                0x0000000008000c88                __nesf2
                0x0000000008000c88                __eqsf2
                0x0000000008000c88                __cmpsf2
                0x0000000008000ce8                __aeabi_cfrcmple
                0x0000000008000cf0                __aeabi_cfcmple
                0x0000000008000cf0                __aeabi_cfcmpeq
                0x0000000008000d00                __aeabi_fcmpeq
                0x0000000008000d14                __aeabi_fcmplt
                0x0000000008000d28                __aeabi_fcmple
                0x0000000008000d3c                __aeabi_fcmpge
                0x0000000008000d50                __aeabi_fcmpgt
 .text          0x0000000008000d64       0x40 /opt/st/stm32cubeide_1.13.2/plugins/com.st.stm32cube.ide.mcu.externaltools.gnu-tools-for-stm32.11.3.rel1.linux64_1.1.1.202309131626/tools/bin/../lib/gcc/arm-none-eabi/11.3.1/thumb/v7-m/nofp/libgcc.a(_arm_fixunssfsi.o)
                0x0000000008000d64                __aeabi_f2uiz
                0x0000000008000d64                __fixunssfsi
 *(.text*)
 .text.PID_Init
                0x0000000008000da4       0x70 ./Core/Src/PID.o
                0x0000000008000da4                PID_Init
 .text.PID      0x0000000008000e14      0x25a ./Core/Src/PID.o
                0x0000000008000e14                PID
 *fill*         0x000000000800106e        0x2 
 .text.MX_CAN_Init
                0x0000000008001070       0xa8 ./Core/Src/can.o
                0x0000000008001070                MX_CAN_Init
 .text.HAL_CAN_MspInit
                0x0000000008001118       0xa8 ./Core/Src/can.o
                0x0000000008001118                HAL_CAN_MspInit
 .text.MX_GPIO_Init
                0x00000000080011c0       0x44 ./Core/Src/gpio.o
                0x00000000080011c0                MX_GPIO_Init
 .text.map      0x0000000008001204       0x56 ./Core/Src/main.o
                0x0000000008001204                map
 *fill*         0x000000000800125a        0x2 
 .text.HAL_CAN_RxFifo1MsgPendingCallback
                0x000000000800125c      0x14c ./Core/Src/main.o
                0x000000000800125c                HAL_CAN_RxFifo1MsgPendingCallback
 .text.Motors_RPS
                0x00000000080013a8      0x1d4 ./Core/Src/main.o
                0x00000000080013a8                Motors_RPS
 .text.main     0x000000000800157c      0x18c ./Core/Src/main.o
                0x000000000800157c                main
 .text.SystemClock_Config
                0x0000000008001708       0x8a ./Core/Src/main.o
                0x0000000008001708                SystemClock_Config
 *fill*         0x0000000008001792        0x2 
 .text.HAL_TIM_PeriodElapsedCallback
                0x0000000008001794      0x17c ./Core/Src/main.o
                0x0000000008001794                HAL_TIM_PeriodElapsedCallback
 .text.Error_Handler
                0x0000000008001910        0xa ./Core/Src/main.o
                0x0000000008001910                Error_Handler
 *fill*         0x000000000800191a        0x2 
 .text.HAL_MspInit
                0x000000000800191c       0x64 ./Core/Src/stm32f1xx_hal_msp.o
                0x000000000800191c                HAL_MspInit
 .text.NMI_Handler
                0x0000000008001980        0x6 ./Core/Src/stm32f1xx_it.o
                0x0000000008001980                NMI_Handler
 .text.HardFault_Handler
                0x0000000008001986        0x6 ./Core/Src/stm32f1xx_it.o
                0x0000000008001986                HardFault_Handler
 .text.MemManage_Handler
                0x000000000800198c        0x6 ./Core/Src/stm32f1xx_it.o
                0x000000000800198c                MemManage_Handler
 .text.BusFault_Handler
                0x0000000008001992        0x6 ./Core/Src/stm32f1xx_it.o
                0x0000000008001992                BusFault_Handler
 .text.UsageFault_Handler
                0x0000000008001998        0x6 ./Core/Src/stm32f1xx_it.o
                0x0000000008001998                UsageFault_Handler
 .text.SVC_Handler
                0x000000000800199e        0xc ./Core/Src/stm32f1xx_it.o
                0x000000000800199e                SVC_Handler
 .text.DebugMon_Handler
                0x00000000080019aa        0xc ./Core/Src/stm32f1xx_it.o
                0x00000000080019aa                DebugMon_Handler
 .text.PendSV_Handler
                0x00000000080019b6        0xc ./Core/Src/stm32f1xx_it.o
                0x00000000080019b6                PendSV_Handler
 .text.SysTick_Handler
                0x00000000080019c2        0xc ./Core/Src/stm32f1xx_it.o
                0x00000000080019c2                SysTick_Handler
 *fill*         0x00000000080019ce        0x2 
 .text.CAN1_RX1_IRQHandler
                0x00000000080019d0       0x14 ./Core/Src/stm32f1xx_it.o
                0x00000000080019d0                CAN1_RX1_IRQHandler
 .text.TIM2_IRQHandler
                0x00000000080019e4       0x14 ./Core/Src/stm32f1xx_it.o
                0x00000000080019e4                TIM2_IRQHandler
 .text.SystemInit
                0x00000000080019f8        0xc ./Core/Src/system_stm32f1xx.o
                0x00000000080019f8                SystemInit
 .text.MX_TIM1_Init
                0x0000000008001a04       0xb0 ./Core/Src/tim.o
                0x0000000008001a04                MX_TIM1_Init
 .text.MX_TIM2_Init
                0x0000000008001ab4       0x98 ./Core/Src/tim.o
                0x0000000008001ab4                MX_TIM2_Init
 .text.MX_TIM3_Init
                0x0000000008001b4c      0x104 ./Core/Src/tim.o
                0x0000000008001b4c                MX_TIM3_Init
 .text.HAL_TIM_Encoder_MspInit
                0x0000000008001c50       0x80 ./Core/Src/tim.o
                0x0000000008001c50                HAL_TIM_Encoder_MspInit
 .text.HAL_TIM_Base_MspInit
                0x0000000008001cd0       0x70 ./Core/Src/tim.o
                0x0000000008001cd0                HAL_TIM_Base_MspInit
 .text.HAL_TIM_MspPostInit
                0x0000000008001d40       0x64 ./Core/Src/tim.o
                0x0000000008001d40                HAL_TIM_MspPostInit
 .text.Reset_Handler
                0x0000000008001da4       0x48 ./Core/Startup/startup_stm32f103c6tx.o
                0x0000000008001da4                Reset_Handler
 .text.Default_Handler
                0x0000000008001dec        0x2 ./Core/Startup/startup_stm32f103c6tx.o
                0x0000000008001dec                RTC_Alarm_IRQHandler
                0x0000000008001dec                EXTI2_IRQHandler
                0x0000000008001dec                TIM1_CC_IRQHandler
                0x0000000008001dec                PVD_IRQHandler
                0x0000000008001dec                EXTI3_IRQHandler
                0x0000000008001dec                EXTI0_IRQHandler
                0x0000000008001dec                ADC1_2_IRQHandler
                0x0000000008001dec                SPI1_IRQHandler
                0x0000000008001dec                TAMPER_IRQHandler
                0x0000000008001dec                DMA1_Channel4_IRQHandler
                0x0000000008001dec                RTC_IRQHandler
                0x0000000008001dec                DMA1_Channel7_IRQHandler
                0x0000000008001dec                I2C1_EV_IRQHandler
                0x0000000008001dec                DMA1_Channel6_IRQHandler
                0x0000000008001dec                TIM3_IRQHandler
                0x0000000008001dec                RCC_IRQHandler
                0x0000000008001dec                TIM1_TRG_COM_IRQHandler
                0x0000000008001dec                DMA1_Channel1_IRQHandler
                0x0000000008001dec                Default_Handler
                0x0000000008001dec                EXTI15_10_IRQHandler
                0x0000000008001dec                EXTI9_5_IRQHandler
                0x0000000008001dec                DMA1_Channel5_IRQHandler
                0x0000000008001dec                EXTI4_IRQHandler
                0x0000000008001dec                USB_LP_CAN1_RX0_IRQHandler
                0x0000000008001dec                USB_HP_CAN1_TX_IRQHandler
                0x0000000008001dec                DMA1_Channel3_IRQHandler
                0x0000000008001dec                TIM1_UP_IRQHandler
                0x0000000008001dec                WWDG_IRQHandler
                0x0000000008001dec                TIM1_BRK_IRQHandler
                0x0000000008001dec                EXTI1_IRQHandler
                0x0000000008001dec                USART2_IRQHandler
                0x0000000008001dec                DMA1_Channel2_IRQHandler
                0x0000000008001dec                CAN1_SCE_IRQHandler
                0x0000000008001dec                FLASH_IRQHandler
                0x0000000008001dec                USART1_IRQHandler
                0x0000000008001dec                I2C1_ER_IRQHandler
                0x0000000008001dec                USBWakeUp_IRQHandler
 *fill*         0x0000000008001dee        0x2 
 .text.HAL_Init
                0x0000000008001df0       0x2c ./Drivers/STM32F1xx_HAL_Driver/Src/stm32f1xx_hal.o
                0x0000000008001df0                HAL_Init
 .text.HAL_InitTick
                0x0000000008001e1c       0x60 ./Drivers/STM32F1xx_HAL_Driver/Src/stm32f1xx_hal.o
                0x0000000008001e1c                HAL_InitTick
 .text.HAL_IncTick
                0x0000000008001e7c       0x24 ./Drivers/STM32F1xx_HAL_Driver/Src/stm32f1xx_hal.o
                0x0000000008001e7c                HAL_IncTick
 .text.HAL_GetTick
                0x0000000008001ea0       0x14 ./Drivers/STM32F1xx_HAL_Driver/Src/stm32f1xx_hal.o
                0x0000000008001ea0                HAL_GetTick
 .text.HAL_CAN_Init
                0x0000000008001eb4      0x1f6 ./Drivers/STM32F1xx_HAL_Driver/Src/stm32f1xx_hal_can.o
                0x0000000008001eb4                HAL_CAN_Init
 .text.HAL_CAN_ConfigFilter
                0x00000000080020aa      0x192 ./Drivers/STM32F1xx_HAL_Driver/Src/stm32f1xx_hal_can.o
                0x00000000080020aa                HAL_CAN_ConfigFilter
 .text.HAL_CAN_Start
                0x000000000800223c       0x88 ./Drivers/STM32F1xx_HAL_Driver/Src/stm32f1xx_hal_can.o
                0x000000000800223c                HAL_CAN_Start
 .text.HAL_CAN_AddTxMessage
                0x00000000080022c4      0x19e ./Drivers/STM32F1xx_HAL_Driver/Src/stm32f1xx_hal_can.o
                0x00000000080022c4                HAL_CAN_AddTxMessage
 .text.HAL_CAN_GetRxMessage
                0x0000000008002462      0x242 ./Drivers/STM32F1xx_HAL_Driver/Src/stm32f1xx_hal_can.o
                0x0000000008002462                HAL_CAN_GetRxMessage
 .text.HAL_CAN_ActivateNotification
                0x00000000080026a4       0x4a ./Drivers/STM32F1xx_HAL_Driver/Src/stm32f1xx_hal_can.o
                0x00000000080026a4                HAL_CAN_ActivateNotification
 .text.HAL_CAN_IRQHandler
                0x00000000080026ee      0x36e ./Drivers/STM32F1xx_HAL_Driver/Src/stm32f1xx_hal_can.o
                0x00000000080026ee                HAL_CAN_IRQHandler
 .text.HAL_CAN_TxMailbox0CompleteCallback
                0x0000000008002a5c       0x12 ./Drivers/STM32F1xx_HAL_Driver/Src/stm32f1xx_hal_can.o
                0x0000000008002a5c                HAL_CAN_TxMailbox0CompleteCallback
 .text.HAL_CAN_TxMailbox1CompleteCallback
                0x0000000008002a6e       0x12 ./Drivers/STM32F1xx_HAL_Driver/Src/stm32f1xx_hal_can.o
                0x0000000008002a6e                HAL_CAN_TxMailbox1CompleteCallback
 .text.HAL_CAN_TxMailbox2CompleteCallback
                0x0000000008002a80       0x12 ./Drivers/STM32F1xx_HAL_Driver/Src/stm32f1xx_hal_can.o
                0x0000000008002a80                HAL_CAN_TxMailbox2CompleteCallback
 .text.HAL_CAN_TxMailbox0AbortCallback
                0x0000000008002a92       0x12 ./Drivers/STM32F1xx_HAL_Driver/Src/stm32f1xx_hal_can.o
                0x0000000008002a92                HAL_CAN_TxMailbox0AbortCallback
 .text.HAL_CAN_TxMailbox1AbortCallback
                0x0000000008002aa4       0x12 ./Drivers/STM32F1xx_HAL_Driver/Src/stm32f1xx_hal_can.o
                0x0000000008002aa4                HAL_CAN_TxMailbox1AbortCallback
 .text.HAL_CAN_TxMailbox2AbortCallback
                0x0000000008002ab6       0x12 ./Drivers/STM32F1xx_HAL_Driver/Src/stm32f1xx_hal_can.o
                0x0000000008002ab6                HAL_CAN_TxMailbox2AbortCallback
 .text.HAL_CAN_RxFifo0MsgPendingCallback
                0x0000000008002ac8       0x12 ./Drivers/STM32F1xx_HAL_Driver/Src/stm32f1xx_hal_can.o
                0x0000000008002ac8                HAL_CAN_RxFifo0MsgPendingCallback
 .text.HAL_CAN_RxFifo0FullCallback
                0x0000000008002ada       0x12 ./Drivers/STM32F1xx_HAL_Driver/Src/stm32f1xx_hal_can.o
                0x0000000008002ada                HAL_CAN_RxFifo0FullCallback
 .text.HAL_CAN_RxFifo1FullCallback
                0x0000000008002aec       0x12 ./Drivers/STM32F1xx_HAL_Driver/Src/stm32f1xx_hal_can.o
                0x0000000008002aec                HAL_CAN_RxFifo1FullCallback
 .text.HAL_CAN_SleepCallback
                0x0000000008002afe       0x12 ./Drivers/STM32F1xx_HAL_Driver/Src/stm32f1xx_hal_can.o
                0x0000000008002afe                HAL_CAN_SleepCallback
 .text.HAL_CAN_WakeUpFromRxMsgCallback
                0x0000000008002b10       0x12 ./Drivers/STM32F1xx_HAL_Driver/Src/stm32f1xx_hal_can.o
                0x0000000008002b10                HAL_CAN_WakeUpFromRxMsgCallback
 .text.HAL_CAN_ErrorCallback
                0x0000000008002b22       0x12 ./Drivers/STM32F1xx_HAL_Driver/Src/stm32f1xx_hal_can.o
                0x0000000008002b22                HAL_CAN_ErrorCallback
 .text.__NVIC_SetPriorityGrouping
                0x0000000008002b34       0x48 ./Drivers/STM32F1xx_HAL_Driver/Src/stm32f1xx_hal_cortex.o
 .text.__NVIC_GetPriorityGrouping
                0x0000000008002b7c       0x1c ./Drivers/STM32F1xx_HAL_Driver/Src/stm32f1xx_hal_cortex.o
 .text.__NVIC_EnableIRQ
                0x0000000008002b98       0x38 ./Drivers/STM32F1xx_HAL_Driver/Src/stm32f1xx_hal_cortex.o
 .text.__NVIC_SetPriority
                0x0000000008002bd0       0x54 ./Drivers/STM32F1xx_HAL_Driver/Src/stm32f1xx_hal_cortex.o
 .text.NVIC_EncodePriority
                0x0000000008002c24       0x64 ./Drivers/STM32F1xx_HAL_Driver/Src/stm32f1xx_hal_cortex.o
 .text.SysTick_Config
                0x0000000008002c88       0x44 ./Drivers/STM32F1xx_HAL_Driver/Src/stm32f1xx_hal_cortex.o
 .text.HAL_NVIC_SetPriorityGrouping
                0x0000000008002ccc       0x16 ./Drivers/STM32F1xx_HAL_Driver/Src/stm32f1xx_hal_cortex.o
                0x0000000008002ccc                HAL_NVIC_SetPriorityGrouping
 .text.HAL_NVIC_SetPriority
                0x0000000008002ce2       0x38 ./Drivers/STM32F1xx_HAL_Driver/Src/stm32f1xx_hal_cortex.o
                0x0000000008002ce2                HAL_NVIC_SetPriority
 .text.HAL_NVIC_EnableIRQ
                0x0000000008002d1a       0x1c ./Drivers/STM32F1xx_HAL_Driver/Src/stm32f1xx_hal_cortex.o
                0x0000000008002d1a                HAL_NVIC_EnableIRQ
 .text.HAL_SYSTICK_Config
                0x0000000008002d36       0x18 ./Drivers/STM32F1xx_HAL_Driver/Src/stm32f1xx_hal_cortex.o
                0x0000000008002d36                HAL_SYSTICK_Config
 *fill*         0x0000000008002d4e        0x2 
 .text.HAL_GPIO_Init
                0x0000000008002d50      0x2f8 ./Drivers/STM32F1xx_HAL_Driver/Src/stm32f1xx_hal_gpio.o
                0x0000000008002d50                HAL_GPIO_Init
 .text.HAL_GPIO_TogglePin
                0x0000000008003048       0x32 ./Drivers/STM32F1xx_HAL_Driver/Src/stm32f1xx_hal_gpio.o
                0x0000000008003048                HAL_GPIO_TogglePin
 *fill*         0x000000000800307a        0x2 
 .text.HAL_RCC_OscConfig
                0x000000000800307c      0x504 ./Drivers/STM32F1xx_HAL_Driver/Src/stm32f1xx_hal_rcc.o
                0x000000000800307c                HAL_RCC_OscConfig
 .text.HAL_RCC_ClockConfig
                0x0000000008003580      0x1d4 ./Drivers/STM32F1xx_HAL_Driver/Src/stm32f1xx_hal_rcc.o
                0x0000000008003580                HAL_RCC_ClockConfig
 .text.HAL_RCC_GetSysClockFreq
                0x0000000008003754       0xa8 ./Drivers/STM32F1xx_HAL_Driver/Src/stm32f1xx_hal_rcc.o
                0x0000000008003754                HAL_RCC_GetSysClockFreq
 .text.RCC_Delay
                0x00000000080037fc       0x3c ./Drivers/STM32F1xx_HAL_Driver/Src/stm32f1xx_hal_rcc.o
 .text.HAL_TIM_Base_Init
                0x0000000008003838       0x9e ./Drivers/STM32F1xx_HAL_Driver/Src/stm32f1xx_hal_tim.o
                0x0000000008003838                HAL_TIM_Base_Init
 *fill*         0x00000000080038d6        0x2 
 .text.HAL_TIM_Base_Start_IT
                0x00000000080038d8       0x98 ./Drivers/STM32F1xx_HAL_Driver/Src/stm32f1xx_hal_tim.o
                0x00000000080038d8                HAL_TIM_Base_Start_IT
 .text.HAL_TIM_PWM_Init
                0x0000000008003970       0x9e ./Drivers/STM32F1xx_HAL_Driver/Src/stm32f1xx_hal_tim.o
                0x0000000008003970                HAL_TIM_PWM_Init
 .text.HAL_TIM_PWM_MspInit
                0x0000000008003a0e       0x12 ./Drivers/STM32F1xx_HAL_Driver/Src/stm32f1xx_hal_tim.o
                0x0000000008003a0e                HAL_TIM_PWM_MspInit
 .text.HAL_TIM_PWM_Start
                0x0000000008003a20      0x138 ./Drivers/STM32F1xx_HAL_Driver/Src/stm32f1xx_hal_tim.o
                0x0000000008003a20                HAL_TIM_PWM_Start
 .text.HAL_TIM_Encoder_Init
                0x0000000008003b58      0x144 ./Drivers/STM32F1xx_HAL_Driver/Src/stm32f1xx_hal_tim.o
                0x0000000008003b58                HAL_TIM_Encoder_Init
 .text.HAL_TIM_Encoder_Start
                0x0000000008003c9c      0x11c ./Drivers/STM32F1xx_HAL_Driver/Src/stm32f1xx_hal_tim.o
                0x0000000008003c9c                HAL_TIM_Encoder_Start
 .text.HAL_TIM_IRQHandler
                0x0000000008003db8      0x210 ./Drivers/STM32F1xx_HAL_Driver/Src/stm32f1xx_hal_tim.o
                0x0000000008003db8                HAL_TIM_IRQHandler
 .text.HAL_TIM_PWM_ConfigChannel
                0x0000000008003fc8      0x184 ./Drivers/STM32F1xx_HAL_Driver/Src/stm32f1xx_hal_tim.o
                0x0000000008003fc8                HAL_TIM_PWM_ConfigChannel
 .text.HAL_TIM_ConfigClockSource
                0x000000000800414c      0x18e ./Drivers/STM32F1xx_HAL_Driver/Src/stm32f1xx_hal_tim.o
                0x000000000800414c                HAL_TIM_ConfigClockSource
 .text.HAL_TIM_OC_DelayElapsedCallback
                0x00000000080042da       0x12 ./Drivers/STM32F1xx_HAL_Driver/Src/stm32f1xx_hal_tim.o
                0x00000000080042da                HAL_TIM_OC_DelayElapsedCallback
 .text.HAL_TIM_IC_CaptureCallback
                0x00000000080042ec       0x12 ./Drivers/STM32F1xx_HAL_Driver/Src/stm32f1xx_hal_tim.o
                0x00000000080042ec                HAL_TIM_IC_CaptureCallback
 .text.HAL_TIM_PWM_PulseFinishedCallback
                0x00000000080042fe       0x12 ./Drivers/STM32F1xx_HAL_Driver/Src/stm32f1xx_hal_tim.o
                0x00000000080042fe                HAL_TIM_PWM_PulseFinishedCallback
 .text.HAL_TIM_TriggerCallback
                0x0000000008004310       0x12 ./Drivers/STM32F1xx_HAL_Driver/Src/stm32f1xx_hal_tim.o
                0x0000000008004310                HAL_TIM_TriggerCallback
 *fill*         0x0000000008004322        0x2 
 .text.TIM_Base_SetConfig
                0x0000000008004324       0xb0 ./Drivers/STM32F1xx_HAL_Driver/Src/stm32f1xx_hal_tim.o
                0x0000000008004324                TIM_Base_SetConfig
 .text.TIM_OC1_SetConfig
                0x00000000080043d4       0xcc ./Drivers/STM32F1xx_HAL_Driver/Src/stm32f1xx_hal_tim.o
 .text.TIM_OC2_SetConfig
                0x00000000080044a0       0xd4 ./Drivers/STM32F1xx_HAL_Driver/Src/stm32f1xx_hal_tim.o
                0x00000000080044a0                TIM_OC2_SetConfig
 .text.TIM_OC3_SetConfig
                0x0000000008004574       0xd4 ./Drivers/STM32F1xx_HAL_Driver/Src/stm32f1xx_hal_tim.o
 .text.TIM_OC4_SetConfig
                0x0000000008004648       0x9c ./Drivers/STM32F1xx_HAL_Driver/Src/stm32f1xx_hal_tim.o
 .text.TIM_TI1_ConfigInputStage
                0x00000000080046e4       0x5c ./Drivers/STM32F1xx_HAL_Driver/Src/stm32f1xx_hal_tim.o
 .text.TIM_TI2_ConfigInputStage
                0x0000000008004740       0x5e ./Drivers/STM32F1xx_HAL_Driver/Src/stm32f1xx_hal_tim.o
 .text.TIM_ITRx_SetConfig
                0x000000000800479e       0x34 ./Drivers/STM32F1xx_HAL_Driver/Src/stm32f1xx_hal_tim.o
 .text.TIM_ETR_SetConfig
                0x00000000080047d2       0x3e ./Drivers/STM32F1xx_HAL_Driver/Src/stm32f1xx_hal_tim.o
                0x00000000080047d2                TIM_ETR_SetConfig
 .text.TIM_CCxChannelCmd
                0x0000000008004810       0x48 ./Drivers/STM32F1xx_HAL_Driver/Src/stm32f1xx_hal_tim.o
                0x0000000008004810                TIM_CCxChannelCmd
 .text.HAL_TIMEx_MasterConfigSynchronization
                0x0000000008004858       0xb0 ./Drivers/STM32F1xx_HAL_Driver/Src/stm32f1xx_hal_tim_ex.o
                0x0000000008004858                HAL_TIMEx_MasterConfigSynchronization
 .text.HAL_TIMEx_CommutCallback
                0x0000000008004908       0x12 ./Drivers/STM32F1xx_HAL_Driver/Src/stm32f1xx_hal_tim_ex.o
                0x0000000008004908                HAL_TIMEx_CommutCallback
 .text.HAL_TIMEx_BreakCallback
                0x000000000800491a       0x12 ./Drivers/STM32F1xx_HAL_Driver/Src/stm32f1xx_hal_tim_ex.o
                0x000000000800491a                HAL_TIMEx_BreakCallback
 .text.memset   0x000000000800492c       0x10 /opt/st/stm32cubeide_1.13.2/plugins/com.st.stm32cube.ide.mcu.externaltools.gnu-tools-for-stm32.11.3.rel1.linux64_1.1.1.202309131626/tools/bin/../lib/gcc/arm-none-eabi/11.3.1/../../../../arm-none-eabi/lib/thumb/v7-m/nofp/libc_nano.a(libc_a-memset.o)
                0x000000000800492c                memset
 .text.__libc_init_array
                0x000000000800493c       0x48 /opt/st/stm32cubeide_1.13.2/plugins/com.st.stm32cube.ide.mcu.externaltools.gnu-tools-for-stm32.11.3.rel1.linux64_1.1.1.202309131626/tools/bin/../lib/gcc/arm-none-eabi/11.3.1/../../../../arm-none-eabi/lib/thumb/v7-m/nofp/libc_nano.a(libc_a-init.o)
                0x000000000800493c                __libc_init_array
 *(.glue_7)
 .glue_7        0x0000000008004984        0x0 linker stubs
 *(.glue_7t)
 .glue_7t       0x0000000008004984        0x0 linker stubs
 *(.eh_frame)
 .eh_frame      0x0000000008004984        0x0 /opt/st/stm32cubeide_1.13.2/plugins/com.st.stm32cube.ide.mcu.externaltools.gnu-tools-for-stm32.11.3.rel1.linux64_1.1.1.202309131626/tools/bin/../lib/gcc/arm-none-eabi/11.3.1/thumb/v7-m/nofp/crtbegin.o
 *(.init)
 .init          0x0000000008004984        0x4 /opt/st/stm32cubeide_1.13.2/plugins/com.st.stm32cube.ide.mcu.externaltools.gnu-tools-for-stm32.11.3.rel1.linux64_1.1.1.202309131626/tools/bin/../lib/gcc/arm-none-eabi/11.3.1/thumb/v7-m/nofp/crti.o
                0x0000000008004984                _init
 .init          0x0000000008004988        0x8 /opt/st/stm32cubeide_1.13.2/plugins/com.st.stm32cube.ide.mcu.externaltools.gnu-tools-for-stm32.11.3.rel1.linux64_1.1.1.202309131626/tools/bin/../lib/gcc/arm-none-eabi/11.3.1/thumb/v7-m/nofp/crtn.o
 *(.fini)
 .fini          0x0000000008004990        0x4 /opt/st/stm32cubeide_1.13.2/plugins/com.st.stm32cube.ide.mcu.externaltools.gnu-tools-for-stm32.11.3.rel1.linux64_1.1.1.202309131626/tools/bin/../lib/gcc/arm-none-eabi/11.3.1/thumb/v7-m/nofp/crti.o
                0x0000000008004990                _fini
 .fini          0x0000000008004994        0x8 /opt/st/stm32cubeide_1.13.2/plugins/com.st.stm32cube.ide.mcu.externaltools.gnu-tools-for-stm32.11.3.rel1.linux64_1.1.1.202309131626/tools/bin/../lib/gcc/arm-none-eabi/11.3.1/thumb/v7-m/nofp/crtn.o
                0x000000000800499c                . = ALIGN (0x4)
                0x000000000800499c                _etext = .

.vfp11_veneer   0x000000000800499c        0x0
 .vfp11_veneer  0x000000000800499c        0x0 linker stubs

.v4_bx          0x000000000800499c        0x0
 .v4_bx         0x000000000800499c        0x0 linker stubs

.iplt           0x000000000800499c        0x0
 .iplt          0x000000000800499c        0x0 /opt/st/stm32cubeide_1.13.2/plugins/com.st.stm32cube.ide.mcu.externaltools.gnu-tools-for-stm32.11.3.rel1.linux64_1.1.1.202309131626/tools/bin/../lib/gcc/arm-none-eabi/11.3.1/thumb/v7-m/nofp/crtbegin.o

.rodata         0x000000000800499c       0x24
                0x000000000800499c                . = ALIGN (0x4)
 *(.rodata)
 *(.rodata*)
 .rodata.AHBPrescTable
                0x000000000800499c       0x10 ./Core/Src/system_stm32f1xx.o
                0x000000000800499c                AHBPrescTable
 .rodata.aPLLMULFactorTable.1
                0x00000000080049ac       0x10 ./Drivers/STM32F1xx_HAL_Driver/Src/stm32f1xx_hal_rcc.o
 .rodata.aPredivFactorTable.0
                0x00000000080049bc        0x2 ./Drivers/STM32F1xx_HAL_Driver/Src/stm32f1xx_hal_rcc.o
                0x00000000080049c0                . = ALIGN (0x4)
 *fill*         0x00000000080049be        0x2 

.rel.dyn        0x00000000080049c0        0x0
 .rel.iplt      0x00000000080049c0        0x0 /opt/st/stm32cubeide_1.13.2/plugins/com.st.stm32cube.ide.mcu.externaltools.gnu-tools-for-stm32.11.3.rel1.linux64_1.1.1.202309131626/tools/bin/../lib/gcc/arm-none-eabi/11.3.1/thumb/v7-m/nofp/crtbegin.o

.ARM.extab      0x00000000080049c0        0x0
                0x00000000080049c0                . = ALIGN (0x4)
 *(.ARM.extab* .gnu.linkonce.armextab.*)
                0x00000000080049c0                . = ALIGN (0x4)

.ARM            0x00000000080049c0        0x0
                0x00000000080049c0                . = ALIGN (0x4)
                0x00000000080049c0                __exidx_start = .
 *(.ARM.exidx*)
                0x00000000080049c0                __exidx_end = .
                0x00000000080049c0                . = ALIGN (0x4)

.preinit_array  0x00000000080049c0        0x0
                0x00000000080049c0                . = ALIGN (0x4)
                0x00000000080049c0                PROVIDE (__preinit_array_start = .)
 *(.preinit_array*)
                0x00000000080049c0                PROVIDE (__preinit_array_end = .)
                0x00000000080049c0                . = ALIGN (0x4)

.init_array     0x00000000080049c0        0x4
                0x00000000080049c0                . = ALIGN (0x4)
                0x00000000080049c0                PROVIDE (__init_array_start = .)
 *(SORT_BY_NAME(.init_array.*))
 *(.init_array*)
 .init_array    0x00000000080049c0        0x4 /opt/st/stm32cubeide_1.13.2/plugins/com.st.stm32cube.ide.mcu.externaltools.gnu-tools-for-stm32.11.3.rel1.linux64_1.1.1.202309131626/tools/bin/../lib/gcc/arm-none-eabi/11.3.1/thumb/v7-m/nofp/crtbegin.o
                0x00000000080049c4                PROVIDE (__init_array_end = .)
                0x00000000080049c4                . = ALIGN (0x4)

.fini_array     0x00000000080049c4        0x4
                0x00000000080049c4                . = ALIGN (0x4)
                [!provide]                        PROVIDE (__fini_array_start = .)
 *(SORT_BY_NAME(.fini_array.*))
 *(.fini_array*)
 .fini_array    0x00000000080049c4        0x4 /opt/st/stm32cubeide_1.13.2/plugins/com.st.stm32cube.ide.mcu.externaltools.gnu-tools-for-stm32.11.3.rel1.linux64_1.1.1.202309131626/tools/bin/../lib/gcc/arm-none-eabi/11.3.1/thumb/v7-m/nofp/crtbegin.o
                [!provide]                        PROVIDE (__fini_array_end = .)
                0x00000000080049c8                . = ALIGN (0x4)
                0x00000000080049c8                _sidata = LOADADDR (.data)

.data           0x0000000020000000        0xc load address 0x00000000080049c8
                0x0000000020000000                . = ALIGN (0x4)
                0x0000000020000000                _sdata = .
 *(.data)
 *(.data*)
 .data.SystemCoreClock
                0x0000000020000000        0x4 ./Core/Src/system_stm32f1xx.o
                0x0000000020000000                SystemCoreClock
 .data.uwTickPrio
                0x0000000020000004        0x4 ./Drivers/STM32F1xx_HAL_Driver/Src/stm32f1xx_hal.o
                0x0000000020000004                uwTickPrio
 .data.uwTickFreq
                0x0000000020000008        0x1 ./Drivers/STM32F1xx_HAL_Driver/Src/stm32f1xx_hal.o
                0x0000000020000008                uwTickFreq
 *(.RamFunc)
 *(.RamFunc*)
                0x000000002000000c                . = ALIGN (0x4)
 *fill*         0x0000000020000009        0x3 
                0x000000002000000c                _edata = .

.igot.plt       0x000000002000000c        0x0 load address 0x00000000080049d4
 .igot.plt      0x000000002000000c        0x0 /opt/st/stm32cubeide_1.13.2/plugins/com.st.stm32cube.ide.mcu.externaltools.gnu-tools-for-stm32.11.3.rel1.linux64_1.1.1.202309131626/tools/bin/../lib/gcc/arm-none-eabi/11.3.1/thumb/v7-m/nofp/crtbegin.o
                0x000000002000000c                . = ALIGN (0x4)

.bss            0x000000002000000c      0x250 load address 0x00000000080049d4
                0x000000002000000c                _sbss = .
                0x000000002000000c                __bss_start__ = _sbss
 *(.bss)
 .bss           0x000000002000000c       0x1c /opt/st/stm32cubeide_1.13.2/plugins/com.st.stm32cube.ide.mcu.externaltools.gnu-tools-for-stm32.11.3.rel1.linux64_1.1.1.202309131626/tools/bin/../lib/gcc/arm-none-eabi/11.3.1/thumb/v7-m/nofp/crtbegin.o
 *(.bss*)
 .bss.hcan      0x0000000020000028       0x28 ./Core/Src/can.o
                0x0000000020000028                hcan
 .bss.MPID      0x0000000020000050       0x90 ./Core/Src/main.o
                0x0000000020000050                MPID
 .bss.RxHeader  0x00000000200000e0       0x1c ./Core/Src/main.o
                0x00000000200000e0                RxHeader
 .bss.RxData    0x00000000200000fc        0x8 ./Core/Src/main.o
                0x00000000200000fc                RxData
 .bss.TxHeader  0x0000000020000104       0x18 ./Core/Src/main.o
                0x0000000020000104                TxHeader
 .bss.TxData    0x000000002000011c        0x8 ./Core/Src/main.o
                0x000000002000011c                TxData
 .bss.TxMailbox
                0x0000000020000124        0x4 ./Core/Src/main.o
                0x0000000020000124                TxMailbox
 .bss.RxData1   0x0000000020000128        0x4 ./Core/Src/main.o
                0x0000000020000128                RxData1
 .bss.RxData2   0x000000002000012c        0x4 ./Core/Src/main.o
                0x000000002000012c                RxData2
 .bss.RxData3   0x0000000020000130        0x4 ./Core/Src/main.o
                0x0000000020000130                RxData3
 .bss.RxData4   0x0000000020000134        0x4 ./Core/Src/main.o
                0x0000000020000134                RxData4
 .bss.M1        0x0000000020000138        0x4 ./Core/Src/main.o
                0x0000000020000138                M1
 .bss.M2        0x000000002000013c        0x4 ./Core/Src/main.o
                0x000000002000013c                M2
 .bss.M3        0x0000000020000140        0x4 ./Core/Src/main.o
                0x0000000020000140                M3
 .bss.M4        0x0000000020000144        0x4 ./Core/Src/main.o
                0x0000000020000144                M4
 .bss.V         0x0000000020000148        0x2 ./Core/Src/main.o
                0x0000000020000148                V
 .bss.V1_out    0x000000002000014a        0x2 ./Core/Src/main.o
                0x000000002000014a                V1_out
 .bss.V2_out    0x000000002000014c        0x2 ./Core/Src/main.o
                0x000000002000014c                V2_out
 .bss.V3_out    0x000000002000014e        0x2 ./Core/Src/main.o
                0x000000002000014e                V3_out
 .bss.V4_out    0x0000000020000150        0x2 ./Core/Src/main.o
                0x0000000020000150                V4_out
 *fill*         0x0000000020000152        0x2 
 .bss.M1_out    0x0000000020000154        0x4 ./Core/Src/main.o
                0x0000000020000154                M1_out
 .bss.M2_out    0x0000000020000158        0x4 ./Core/Src/main.o
                0x0000000020000158                M2_out
 .bss.flag      0x000000002000015c        0x1 ./Core/Src/main.o
                0x000000002000015c                flag
 .bss.cntt      0x000000002000015d        0x1 ./Core/Src/main.o
                0x000000002000015d                cntt
 *fill*         0x000000002000015e        0x2 
 .bss.count     0x0000000020000160        0x2 ./Core/Src/main.o
                0x0000000020000160                count
 *fill*         0x0000000020000162        0x2 
 .bss.new_count
                0x0000000020000164        0x2 ./Core/Src/main.o
                0x0000000020000164                new_count
 *fill*         0x0000000020000166        0x2 
 .bss.count_state
                0x0000000020000168        0x1 ./Core/Src/main.o
                0x0000000020000168                count_state
 *fill*         0x0000000020000169        0x3 
 .bss.diff      0x000000002000016c        0x2 ./Core/Src/main.o
                0x000000002000016c                diff
 *fill*         0x000000002000016e        0x2 
 .bss.speedM    0x0000000020000170        0x4 ./Core/Src/main.o
                0x0000000020000170                speedM
 .bss.rdps      0x0000000020000174        0x4 ./Core/Src/main.o
                0x0000000020000174                rdps
 .bss.Motor1_speed
                0x0000000020000178        0x4 ./Core/Src/main.o
                0x0000000020000178                Motor1_speed
 .bss.pwm_M1    0x000000002000017c        0x4 ./Core/Src/main.o
                0x000000002000017c                pwm_M1
 .bss.htim1     0x0000000020000180       0x48 ./Core/Src/tim.o
                0x0000000020000180                htim1
 .bss.htim2     0x00000000200001c8       0x48 ./Core/Src/tim.o
                0x00000000200001c8                htim2
 .bss.htim3     0x0000000020000210       0x48 ./Core/Src/tim.o
                0x0000000020000210                htim3
 .bss.uwTick    0x0000000020000258        0x4 ./Drivers/STM32F1xx_HAL_Driver/Src/stm32f1xx_hal.o
                0x0000000020000258                uwTick
 *(COMMON)
                0x000000002000025c                . = ALIGN (0x4)
                0x000000002000025c                _ebss = .
                0x000000002000025c                __bss_end__ = _ebss

._user_heap_stack
                0x000000002000025c      0x604 load address 0x00000000080049d4
                0x0000000020000260                . = ALIGN (0x8)
 *fill*         0x000000002000025c        0x4 
                [!provide]                        PROVIDE (end = .)
                0x0000000020000260                PROVIDE (_end = .)
                0x0000000020000460                . = (. + _Min_Heap_Size)
 *fill*         0x0000000020000260      0x200 
                0x0000000020000860                . = (. + _Min_Stack_Size)
 *fill*         0x0000000020000460      0x400 
                0x0000000020000860                . = ALIGN (0x8)

/DISCARD/
 libc.a(*)
 libm.a(*)
 libgcc.a(*)

.ARM.attributes
                0x0000000000000000       0x29
 *(.ARM.attributes)
 .ARM.attributes
                0x0000000000000000       0x1d /opt/st/stm32cubeide_1.13.2/plugins/com.st.stm32cube.ide.mcu.externaltools.gnu-tools-for-stm32.11.3.rel1.linux64_1.1.1.202309131626/tools/bin/../lib/gcc/arm-none-eabi/11.3.1/thumb/v7-m/nofp/crti.o
 .ARM.attributes
                0x000000000000001d       0x2d /opt/st/stm32cubeide_1.13.2/plugins/com.st.stm32cube.ide.mcu.externaltools.gnu-tools-for-stm32.11.3.rel1.linux64_1.1.1.202309131626/tools/bin/../lib/gcc/arm-none-eabi/11.3.1/thumb/v7-m/nofp/crtbegin.o
 .ARM.attributes
                0x000000000000004a       0x2d ./Core/Src/PID.o
 .ARM.attributes
                0x0000000000000077       0x2d ./Core/Src/can.o
 .ARM.attributes
                0x00000000000000a4       0x2d ./Core/Src/gpio.o
 .ARM.attributes
                0x00000000000000d1       0x2d ./Core/Src/main.o
 .ARM.attributes
                0x00000000000000fe       0x2d ./Core/Src/stm32f1xx_hal_msp.o
 .ARM.attributes
                0x000000000000012b       0x2d ./Core/Src/stm32f1xx_it.o
 .ARM.attributes
                0x0000000000000158       0x2d ./Core/Src/system_stm32f1xx.o
 .ARM.attributes
                0x0000000000000185       0x2d ./Core/Src/tim.o
 .ARM.attributes
                0x00000000000001b2       0x21 ./Core/Startup/startup_stm32f103c6tx.o
 .ARM.attributes
                0x00000000000001d3       0x2d ./Drivers/STM32F1xx_HAL_Driver/Src/stm32f1xx_hal.o
 .ARM.attributes
                0x0000000000000200       0x2d ./Drivers/STM32F1xx_HAL_Driver/Src/stm32f1xx_hal_can.o
 .ARM.attributes
                0x000000000000022d       0x2d ./Drivers/STM32F1xx_HAL_Driver/Src/stm32f1xx_hal_cortex.o
 .ARM.attributes
                0x000000000000025a       0x2d ./Drivers/STM32F1xx_HAL_Driver/Src/stm32f1xx_hal_gpio.o
 .ARM.attributes
                0x0000000000000287       0x2d ./Drivers/STM32F1xx_HAL_Driver/Src/stm32f1xx_hal_rcc.o
 .ARM.attributes
                0x00000000000002b4       0x2d ./Drivers/STM32F1xx_HAL_Driver/Src/stm32f1xx_hal_tim.o
 .ARM.attributes
                0x00000000000002e1       0x2d ./Drivers/STM32F1xx_HAL_Driver/Src/stm32f1xx_hal_tim_ex.o
 .ARM.attributes
                0x000000000000030e       0x2d /opt/st/stm32cubeide_1.13.2/plugins/com.st.stm32cube.ide.mcu.externaltools.gnu-tools-for-stm32.11.3.rel1.linux64_1.1.1.202309131626/tools/bin/../lib/gcc/arm-none-eabi/11.3.1/../../../../arm-none-eabi/lib/thumb/v7-m/nofp/libc_nano.a(libc_a-memset.o)
 .ARM.attributes
                0x000000000000033b       0x2d /opt/st/stm32cubeide_1.13.2/plugins/com.st.stm32cube.ide.mcu.externaltools.gnu-tools-for-stm32.11.3.rel1.linux64_1.1.1.202309131626/tools/bin/../lib/gcc/arm-none-eabi/11.3.1/../../../../arm-none-eabi/lib/thumb/v7-m/nofp/libc_nano.a(libc_a-init.o)
 .ARM.attributes
                0x0000000000000368       0x1d /opt/st/stm32cubeide_1.13.2/plugins/com.st.stm32cube.ide.mcu.externaltools.gnu-tools-for-stm32.11.3.rel1.linux64_1.1.1.202309131626/tools/bin/../lib/gcc/arm-none-eabi/11.3.1/thumb/v7-m/nofp/libgcc.a(_arm_muldf3.o)
 .ARM.attributes
                0x0000000000000385       0x1d /opt/st/stm32cubeide_1.13.2/plugins/com.st.stm32cube.ide.mcu.externaltools.gnu-tools-for-stm32.11.3.rel1.linux64_1.1.1.202309131626/tools/bin/../lib/gcc/arm-none-eabi/11.3.1/thumb/v7-m/nofp/libgcc.a(_arm_addsubdf3.o)
 .ARM.attributes
                0x00000000000003a2       0x1d /opt/st/stm32cubeide_1.13.2/plugins/com.st.stm32cube.ide.mcu.externaltools.gnu-tools-for-stm32.11.3.rel1.linux64_1.1.1.202309131626/tools/bin/../lib/gcc/arm-none-eabi/11.3.1/thumb/v7-m/nofp/libgcc.a(_arm_truncdfsf2.o)
 .ARM.attributes
                0x00000000000003bf       0x1d /opt/st/stm32cubeide_1.13.2/plugins/com.st.stm32cube.ide.mcu.externaltools.gnu-tools-for-stm32.11.3.rel1.linux64_1.1.1.202309131626/tools/bin/../lib/gcc/arm-none-eabi/11.3.1/thumb/v7-m/nofp/libgcc.a(_arm_addsubsf3.o)
 .ARM.attributes
                0x00000000000003dc       0x1d /opt/st/stm32cubeide_1.13.2/plugins/com.st.stm32cube.ide.mcu.externaltools.gnu-tools-for-stm32.11.3.rel1.linux64_1.1.1.202309131626/tools/bin/../lib/gcc/arm-none-eabi/11.3.1/thumb/v7-m/nofp/libgcc.a(_arm_muldivsf3.o)
 .ARM.attributes
                0x00000000000003f9       0x1d /opt/st/stm32cubeide_1.13.2/plugins/com.st.stm32cube.ide.mcu.externaltools.gnu-tools-for-stm32.11.3.rel1.linux64_1.1.1.202309131626/tools/bin/../lib/gcc/arm-none-eabi/11.3.1/thumb/v7-m/nofp/libgcc.a(_arm_cmpsf2.o)
 .ARM.attributes
                0x0000000000000416       0x1d /opt/st/stm32cubeide_1.13.2/plugins/com.st.stm32cube.ide.mcu.externaltools.gnu-tools-for-stm32.11.3.rel1.linux64_1.1.1.202309131626/tools/bin/../lib/gcc/arm-none-eabi/11.3.1/thumb/v7-m/nofp/libgcc.a(_arm_fixunssfsi.o)
 .ARM.attributes
                0x0000000000000433       0x1d /opt/st/stm32cubeide_1.13.2/plugins/com.st.stm32cube.ide.mcu.externaltools.gnu-tools-for-stm32.11.3.rel1.linux64_1.1.1.202309131626/tools/bin/../lib/gcc/arm-none-eabi/11.3.1/thumb/v7-m/nofp/crtn.o
OUTPUT(F103_PID_USB_CAN.elf elf32-littlearm)
LOAD linker stubs
LOAD /opt/st/stm32cubeide_1.13.2/plugins/com.st.stm32cube.ide.mcu.externaltools.gnu-tools-for-stm32.11.3.rel1.linux64_1.1.1.202309131626/tools/bin/../lib/gcc/arm-none-eabi/11.3.1/../../../../arm-none-eabi/lib/thumb/v7-m/nofp/libc.a
LOAD /opt/st/stm32cubeide_1.13.2/plugins/com.st.stm32cube.ide.mcu.externaltools.gnu-tools-for-stm32.11.3.rel1.linux64_1.1.1.202309131626/tools/bin/../lib/gcc/arm-none-eabi/11.3.1/../../../../arm-none-eabi/lib/thumb/v7-m/nofp/libm.a
LOAD /opt/st/stm32cubeide_1.13.2/plugins/com.st.stm32cube.ide.mcu.externaltools.gnu-tools-for-stm32.11.3.rel1.linux64_1.1.1.202309131626/tools/bin/../lib/gcc/arm-none-eabi/11.3.1/thumb/v7-m/nofp/libgcc.a

.comment        0x0000000000000000       0x43
 .comment       0x0000000000000000       0x43 /opt/st/stm32cubeide_1.13.2/plugins/com.st.stm32cube.ide.mcu.externaltools.gnu-tools-for-stm32.11.3.rel1.linux64_1.1.1.202309131626/tools/bin/../lib/gcc/arm-none-eabi/11.3.1/thumb/v7-m/nofp/crtbegin.o
                                         0x44 (size before relaxing)
 .comment       0x0000000000000043       0x44 ./Core/Src/PID.o
 .comment       0x0000000000000043       0x44 ./Core/Src/can.o
 .comment       0x0000000000000043       0x44 ./Core/Src/gpio.o
 .comment       0x0000000000000043       0x44 ./Core/Src/main.o
 .comment       0x0000000000000043       0x44 ./Core/Src/stm32f1xx_hal_msp.o
 .comment       0x0000000000000043       0x44 ./Core/Src/stm32f1xx_it.o
 .comment       0x0000000000000043       0x44 ./Core/Src/system_stm32f1xx.o
 .comment       0x0000000000000043       0x44 ./Core/Src/tim.o
 .comment       0x0000000000000043       0x44 ./Drivers/STM32F1xx_HAL_Driver/Src/stm32f1xx_hal.o
 .comment       0x0000000000000043       0x44 ./Drivers/STM32F1xx_HAL_Driver/Src/stm32f1xx_hal_can.o
 .comment       0x0000000000000043       0x44 ./Drivers/STM32F1xx_HAL_Driver/Src/stm32f1xx_hal_cortex.o
 .comment       0x0000000000000043       0x44 ./Drivers/STM32F1xx_HAL_Driver/Src/stm32f1xx_hal_gpio.o
 .comment       0x0000000000000043       0x44 ./Drivers/STM32F1xx_HAL_Driver/Src/stm32f1xx_hal_rcc.o
 .comment       0x0000000000000043       0x44 ./Drivers/STM32F1xx_HAL_Driver/Src/stm32f1xx_hal_tim.o
 .comment       0x0000000000000043       0x44 ./Drivers/STM32F1xx_HAL_Driver/Src/stm32f1xx_hal_tim_ex.o

.debug_info     0x0000000000000000     0xa77d
 .debug_info    0x0000000000000000      0x1bb ./Core/Src/PID.o
 .debug_info    0x00000000000001bb      0x913 ./Core/Src/can.o
 .debug_info    0x0000000000000ace      0x169 ./Core/Src/gpio.o
 .debug_info    0x0000000000000c37     0x1357 ./Core/Src/main.o
 .debug_info    0x0000000000001f8e      0x1f1 ./Core/Src/stm32f1xx_hal_msp.o
 .debug_info    0x000000000000217f      0xa6c ./Core/Src/stm32f1xx_it.o
 .debug_info    0x0000000000002beb      0x222 ./Core/Src/system_stm32f1xx.o
 .debug_info    0x0000000000002e0d      0xd86 ./Core/Src/tim.o
 .debug_info    0x0000000000003b93       0x23 ./Core/Startup/startup_stm32f103c6tx.o
 .debug_info    0x0000000000003bb6      0x6e6 ./Drivers/STM32F1xx_HAL_Driver/Src/stm32f1xx_hal.o
 .debug_info    0x000000000000429c      0xf22 ./Drivers/STM32F1xx_HAL_Driver/Src/stm32f1xx_hal_can.o
 .debug_info    0x00000000000051be      0xa69 ./Drivers/STM32F1xx_HAL_Driver/Src/stm32f1xx_hal_cortex.o
 .debug_info    0x0000000000005c27      0x5ab ./Drivers/STM32F1xx_HAL_Driver/Src/stm32f1xx_hal_gpio.o
 .debug_info    0x00000000000061d2      0x7d5 ./Drivers/STM32F1xx_HAL_Driver/Src/stm32f1xx_hal_rcc.o
 .debug_info    0x00000000000069a7     0x293b ./Drivers/STM32F1xx_HAL_Driver/Src/stm32f1xx_hal_tim.o
 .debug_info    0x00000000000092e2     0x149b ./Drivers/STM32F1xx_HAL_Driver/Src/stm32f1xx_hal_tim_ex.o

.debug_abbrev   0x0000000000000000     0x1e2b
 .debug_abbrev  0x0000000000000000      0x112 ./Core/Src/PID.o
 .debug_abbrev  0x0000000000000112      0x23a ./Core/Src/can.o
 .debug_abbrev  0x000000000000034c       0xc6 ./Core/Src/gpio.o
 .debug_abbrev  0x0000000000000412      0x324 ./Core/Src/main.o
 .debug_abbrev  0x0000000000000736       0xdb ./Core/Src/stm32f1xx_hal_msp.o
 .debug_abbrev  0x0000000000000811      0x1da ./Core/Src/stm32f1xx_it.o
 .debug_abbrev  0x00000000000009eb      0x13f ./Core/Src/system_stm32f1xx.o
 .debug_abbrev  0x0000000000000b2a      0x274 ./Core/Src/tim.o
 .debug_abbrev  0x0000000000000d9e       0x12 ./Core/Startup/startup_stm32f103c6tx.o
 .debug_abbrev  0x0000000000000db0      0x201 ./Drivers/STM32F1xx_HAL_Driver/Src/stm32f1xx_hal.o
 .debug_abbrev  0x0000000000000fb1      0x20c ./Drivers/STM32F1xx_HAL_Driver/Src/stm32f1xx_hal_can.o
 .debug_abbrev  0x00000000000011bd      0x2f8 ./Drivers/STM32F1xx_HAL_Driver/Src/stm32f1xx_hal_cortex.o
 .debug_abbrev  0x00000000000014b5      0x1ca ./Drivers/STM32F1xx_HAL_Driver/Src/stm32f1xx_hal_gpio.o
 .debug_abbrev  0x000000000000167f      0x2b3 ./Drivers/STM32F1xx_HAL_Driver/Src/stm32f1xx_hal_rcc.o
 .debug_abbrev  0x0000000000001932      0x277 ./Drivers/STM32F1xx_HAL_Driver/Src/stm32f1xx_hal_tim.o
 .debug_abbrev  0x0000000000001ba9      0x282 ./Drivers/STM32F1xx_HAL_Driver/Src/stm32f1xx_hal_tim_ex.o

.debug_aranges  0x0000000000000000      0xb38
 .debug_aranges
                0x0000000000000000       0x28 ./Core/Src/PID.o
 .debug_aranges
                0x0000000000000028       0x30 ./Core/Src/can.o
 .debug_aranges
                0x0000000000000058       0x20 ./Core/Src/gpio.o
 .debug_aranges
                0x0000000000000078       0x50 ./Core/Src/main.o
 .debug_aranges
                0x00000000000000c8       0x20 ./Core/Src/stm32f1xx_hal_msp.o
 .debug_aranges
                0x00000000000000e8       0x70 ./Core/Src/stm32f1xx_it.o
 .debug_aranges
                0x0000000000000158       0x28 ./Core/Src/system_stm32f1xx.o
 .debug_aranges
                0x0000000000000180       0x58 ./Core/Src/tim.o
 .debug_aranges
                0x00000000000001d8       0x28 ./Core/Startup/startup_stm32f103c6tx.o
 .debug_aranges
                0x0000000000000200       0xe0 ./Drivers/STM32F1xx_HAL_Driver/Src/stm32f1xx_hal.o
 .debug_aranges
                0x00000000000002e0      0x138 ./Drivers/STM32F1xx_HAL_Driver/Src/stm32f1xx_hal_can.o
 .debug_aranges
                0x0000000000000418      0x100 ./Drivers/STM32F1xx_HAL_Driver/Src/stm32f1xx_hal_cortex.o
 .debug_aranges
                0x0000000000000518       0x58 ./Drivers/STM32F1xx_HAL_Driver/Src/stm32f1xx_hal_gpio.o
 .debug_aranges
                0x0000000000000570       0x90 ./Drivers/STM32F1xx_HAL_Driver/Src/stm32f1xx_hal_rcc.o
 .debug_aranges
                0x0000000000000600      0x3d0 ./Drivers/STM32F1xx_HAL_Driver/Src/stm32f1xx_hal_tim.o
 .debug_aranges
                0x00000000000009d0      0x168 ./Drivers/STM32F1xx_HAL_Driver/Src/stm32f1xx_hal_tim_ex.o

.debug_rnglists
                0x0000000000000000      0x896
 .debug_rnglists
                0x0000000000000000       0x1a ./Core/Src/PID.o
 .debug_rnglists
                0x000000000000001a       0x21 ./Core/Src/can.o
 .debug_rnglists
                0x000000000000003b       0x13 ./Core/Src/gpio.o
 .debug_rnglists
                0x000000000000004e       0x3c ./Core/Src/main.o
 .debug_rnglists
                0x000000000000008a       0x13 ./Core/Src/stm32f1xx_hal_msp.o
 .debug_rnglists
                0x000000000000009d       0x4f ./Core/Src/stm32f1xx_it.o
 .debug_rnglists
                0x00000000000000ec       0x1a ./Core/Src/system_stm32f1xx.o
 .debug_rnglists
                0x0000000000000106       0x41 ./Core/Src/tim.o
 .debug_rnglists
                0x0000000000000147       0x19 ./Core/Startup/startup_stm32f103c6tx.o
 .debug_rnglists
                0x0000000000000160       0xa3 ./Drivers/STM32F1xx_HAL_Driver/Src/stm32f1xx_hal.o
 .debug_rnglists
                0x0000000000000203       0xee ./Drivers/STM32F1xx_HAL_Driver/Src/stm32f1xx_hal_can.o
 .debug_rnglists
                0x00000000000002f1       0xbb ./Drivers/STM32F1xx_HAL_Driver/Src/stm32f1xx_hal_cortex.o
 .debug_rnglists
                0x00000000000003ac       0x3f ./Drivers/STM32F1xx_HAL_Driver/Src/stm32f1xx_hal_gpio.o
 .debug_rnglists
                0x00000000000003eb       0x6c ./Drivers/STM32F1xx_HAL_Driver/Src/stm32f1xx_hal_rcc.o
 .debug_rnglists
                0x0000000000000457      0x31a ./Drivers/STM32F1xx_HAL_Driver/Src/stm32f1xx_hal_tim.o
 .debug_rnglists
                0x0000000000000771      0x125 ./Drivers/STM32F1xx_HAL_Driver/Src/stm32f1xx_hal_tim_ex.o

.debug_macro    0x0000000000000000    0x176a6
 .debug_macro   0x0000000000000000       0x1b ./Core/Src/PID.o
 .debug_macro   0x000000000000001b      0xa9c ./Core/Src/PID.o
 .debug_macro   0x0000000000000ab7      0x1ba ./Core/Src/can.o
 .debug_macro   0x0000000000000c71      0x21b ./Core/Src/can.o
 .debug_macro   0x0000000000000e8c       0x2e ./Core/Src/can.o
 .debug_macro   0x0000000000000eba       0x22 ./Core/Src/can.o
 .debug_macro   0x0000000000000edc       0x22 ./Core/Src/can.o
 .debug_macro   0x0000000000000efe       0x8e ./Core/Src/can.o
 .debug_macro   0x0000000000000f8c       0x51 ./Core/Src/can.o
 .debug_macro   0x0000000000000fdd      0x103 ./Core/Src/can.o
 .debug_macro   0x00000000000010e0       0x6a ./Core/Src/can.o
 .debug_macro   0x000000000000114a      0x1df ./Core/Src/can.o
 .debug_macro   0x0000000000001329       0x1c ./Core/Src/can.o
 .debug_macro   0x0000000000001345       0x22 ./Core/Src/can.o
 .debug_macro   0x0000000000001367       0xbd ./Core/Src/can.o
 .debug_macro   0x0000000000001424      0xd23 ./Core/Src/can.o
 .debug_macro   0x0000000000002147     0xde75 ./Core/Src/can.o
 .debug_macro   0x000000000000ffbc       0x6d ./Core/Src/can.o
 .debug_macro   0x0000000000010029     0x348d ./Core/Src/can.o
 .debug_macro   0x00000000000134b6      0x174 ./Core/Src/can.o
 .debug_macro   0x000000000001362a       0x5c ./Core/Src/can.o
 .debug_macro   0x0000000000013686      0x5bc ./Core/Src/can.o
 .debug_macro   0x0000000000013c42      0x1b7 ./Core/Src/can.o
 .debug_macro   0x0000000000013df9      0x1cb ./Core/Src/can.o
 .debug_macro   0x0000000000013fc4      0x114 ./Core/Src/can.o
 .debug_macro   0x00000000000140d8      0x1b2 ./Core/Src/can.o
 .debug_macro   0x000000000001428a       0x27 ./Core/Src/can.o
 .debug_macro   0x00000000000142b1      0x12f ./Core/Src/can.o
 .debug_macro   0x00000000000143e0      0x1bc ./Core/Src/can.o
 .debug_macro   0x000000000001459c       0x34 ./Core/Src/can.o
 .debug_macro   0x00000000000145d0       0x3c ./Core/Src/can.o
 .debug_macro   0x000000000001460c      0x408 ./Core/Src/can.o
 .debug_macro   0x0000000000014a14       0x57 ./Core/Src/can.o
 .debug_macro   0x0000000000014a6b       0x87 ./Core/Src/can.o
 .debug_macro   0x0000000000014af2      0x183 ./Core/Src/can.o
 .debug_macro   0x0000000000014c75      0x140 ./Core/Src/can.o
 .debug_macro   0x0000000000014db5      0x8ed ./Core/Src/can.o
 .debug_macro   0x00000000000156a2       0x69 ./Core/Src/can.o
 .debug_macro   0x000000000001570b       0x34 ./Core/Src/can.o
 .debug_macro   0x000000000001573f      0x1ba ./Core/Src/gpio.o
 .debug_macro   0x00000000000158f9      0x2d2 ./Core/Src/main.o
 .debug_macro   0x0000000000015bcb       0x24 ./Core/Src/main.o
 .debug_macro   0x0000000000015bef       0x61 ./Core/Src/main.o
 .debug_macro   0x0000000000015c50       0x43 ./Core/Src/main.o
 .debug_macro   0x0000000000015c93       0x34 ./Core/Src/main.o
 .debug_macro   0x0000000000015cc7       0x16 ./Core/Src/main.o
 .debug_macro   0x0000000000015cdd       0x35 ./Core/Src/main.o
 .debug_macro   0x0000000000015d12       0x16 ./Core/Src/main.o
 .debug_macro   0x0000000000015d28       0x43 ./Core/Src/main.o
 .debug_macro   0x0000000000015d6b       0x34 ./Core/Src/main.o
 .debug_macro   0x0000000000015d9f       0x10 ./Core/Src/main.o
 .debug_macro   0x0000000000015daf       0x58 ./Core/Src/main.o
 .debug_macro   0x0000000000015e07       0x8e ./Core/Src/main.o
 .debug_macro   0x0000000000015e95       0x1c ./Core/Src/main.o
 .debug_macro   0x0000000000015eb1      0x177 ./Core/Src/main.o
 .debug_macro   0x0000000000016028      0x369 ./Core/Src/main.o
 .debug_macro   0x0000000000016391       0x16 ./Core/Src/main.o
 .debug_macro   0x00000000000163a7       0x29 ./Core/Src/main.o
 .debug_macro   0x00000000000163d0      0x1b0 ./Core/Src/stm32f1xx_hal_msp.o
 .debug_macro   0x0000000000016580      0x1ba ./Core/Src/stm32f1xx_it.o
 .debug_macro   0x000000000001673a      0x1a1 ./Core/Src/system_stm32f1xx.o
 .debug_macro   0x00000000000168db      0x1ba ./Core/Src/tim.o
 .debug_macro   0x0000000000016a95      0x1c5 ./Drivers/STM32F1xx_HAL_Driver/Src/stm32f1xx_hal.o
 .debug_macro   0x0000000000016c5a      0x1a9 ./Drivers/STM32F1xx_HAL_Driver/Src/stm32f1xx_hal_can.o
 .debug_macro   0x0000000000016e03      0x1a1 ./Drivers/STM32F1xx_HAL_Driver/Src/stm32f1xx_hal_cortex.o
 .debug_macro   0x0000000000016fa4      0x20c ./Drivers/STM32F1xx_HAL_Driver/Src/stm32f1xx_hal_gpio.o
 .debug_macro   0x00000000000171b0      0x1b3 ./Drivers/STM32F1xx_HAL_Driver/Src/stm32f1xx_hal_rcc.o
 .debug_macro   0x0000000000017363      0x1a2 ./Drivers/STM32F1xx_HAL_Driver/Src/stm32f1xx_hal_tim.o
 .debug_macro   0x0000000000017505      0x1a1 ./Drivers/STM32F1xx_HAL_Driver/Src/stm32f1xx_hal_tim_ex.o

.debug_line     0x0000000000000000     0xbbae
 .debug_line    0x0000000000000000      0x155 ./Core/Src/PID.o
 .debug_line    0x0000000000000155      0x6d9 ./Core/Src/can.o
 .debug_line    0x000000000000082e      0x63d ./Core/Src/gpio.o
 .debug_line    0x0000000000000e6b      0xa20 ./Core/Src/main.o
 .debug_line    0x000000000000188b      0x642 ./Core/Src/stm32f1xx_hal_msp.o
 .debug_line    0x0000000000001ecd      0x733 ./Core/Src/stm32f1xx_it.o
 .debug_line    0x0000000000002600      0x6bf ./Core/Src/system_stm32f1xx.o
 .debug_line    0x0000000000002cbf      0x815 ./Core/Src/tim.o
 .debug_line    0x00000000000034d4       0x78 ./Core/Startup/startup_stm32f103c6tx.o
 .debug_line    0x000000000000354c      0x8ec ./Drivers/STM32F1xx_HAL_Driver/Src/stm32f1xx_hal.o
 .debug_line    0x0000000000003e38     0x1093 ./Drivers/STM32F1xx_HAL_Driver/Src/stm32f1xx_hal_can.o
 .debug_line    0x0000000000004ecb      0xad4 ./Drivers/STM32F1xx_HAL_Driver/Src/stm32f1xx_hal_cortex.o
 .debug_line    0x000000000000599f      0x970 ./Drivers/STM32F1xx_HAL_Driver/Src/stm32f1xx_hal_gpio.o
 .debug_line    0x000000000000630f      0xcf5 ./Drivers/STM32F1xx_HAL_Driver/Src/stm32f1xx_hal_rcc.o
 .debug_line    0x0000000000007004     0x338f ./Drivers/STM32F1xx_HAL_Driver/Src/stm32f1xx_hal_tim.o
 .debug_line    0x000000000000a393     0x181b ./Drivers/STM32F1xx_HAL_Driver/Src/stm32f1xx_hal_tim_ex.o

.debug_str      0x0000000000000000    0x87ba8
 .debug_str     0x0000000000000000     0x2e2f ./Core/Src/PID.o
                                       0x2e42 (size before relaxing)
 .debug_str     0x0000000000002e2f    0x7ee7d ./Core/Src/can.o
                                      0x81fdf (size before relaxing)
 .debug_str     0x0000000000081cac       0x2c ./Core/Src/gpio.o
                                      0x818a0 (size before relaxing)
 .debug_str     0x0000000000081cd8     0x3a05 ./Core/Src/main.o
                                      0x856bc (size before relaxing)
 .debug_str     0x00000000000856dd       0x50 ./Core/Src/stm32f1xx_hal_msp.o
                                      0x818ce (size before relaxing)
 .debug_str     0x000000000008572d      0x113 ./Core/Src/stm32f1xx_it.o
                                      0x8206d (size before relaxing)
 .debug_str     0x0000000000085840       0x7e ./Core/Src/system_stm32f1xx.o
                                      0x817c9 (size before relaxing)
 .debug_str     0x00000000000858be      0x2cf ./Core/Src/tim.o
                                      0x823e3 (size before relaxing)
 .debug_str     0x0000000000085b8d       0x34 ./Core/Startup/startup_stm32f103c6tx.o
                                         0x73 (size before relaxing)
 .debug_str     0x0000000000085bc1      0x38e ./Drivers/STM32F1xx_HAL_Driver/Src/stm32f1xx_hal.o
                                      0x81ec2 (size before relaxing)
 .debug_str     0x0000000000085f4f      0x3d3 ./Drivers/STM32F1xx_HAL_Driver/Src/stm32f1xx_hal_can.o
                                      0x81fc9 (size before relaxing)
 .debug_str     0x0000000000086322      0x26c ./Drivers/STM32F1xx_HAL_Driver/Src/stm32f1xx_hal_cortex.o
                                      0x81e0e (size before relaxing)
 .debug_str     0x000000000008658e      0x30f ./Drivers/STM32F1xx_HAL_Driver/Src/stm32f1xx_hal_gpio.o
                                      0x81b4f (size before relaxing)
 .debug_str     0x000000000008689d      0x229 ./Drivers/STM32F1xx_HAL_Driver/Src/stm32f1xx_hal_rcc.o
                                      0x81bf8 (size before relaxing)
 .debug_str     0x0000000000086ac6      0xc4f ./Drivers/STM32F1xx_HAL_Driver/Src/stm32f1xx_hal_tim.o
                                      0x82bea (size before relaxing)
 .debug_str     0x0000000000087715      0x493 ./Drivers/STM32F1xx_HAL_Driver/Src/stm32f1xx_hal_tim_ex.o
                                      0x82406 (size before relaxing)

.debug_frame    0x0000000000000000     0x302c
 .debug_frame   0x0000000000000000       0x64 ./Core/Src/PID.o
 .debug_frame   0x0000000000000064       0x7c ./Core/Src/can.o
 .debug_frame   0x00000000000000e0       0x38 ./Core/Src/gpio.o
 .debug_frame   0x0000000000000118      0x10c ./Core/Src/main.o
 .debug_frame   0x0000000000000224       0x38 ./Core/Src/stm32f1xx_hal_msp.o
 .debug_frame   0x000000000000025c      0x13c ./Core/Src/stm32f1xx_it.o
 .debug_frame   0x0000000000000398       0x58 ./Core/Src/system_stm32f1xx.o
 .debug_frame   0x00000000000003f0      0x130 ./Core/Src/tim.o
 .debug_frame   0x0000000000000520      0x334 ./Drivers/STM32F1xx_HAL_Driver/Src/stm32f1xx_hal.o
 .debug_frame   0x0000000000000854      0x5a0 ./Drivers/STM32F1xx_HAL_Driver/Src/stm32f1xx_hal_can.o
 .debug_frame   0x0000000000000df4      0x428 ./Drivers/STM32F1xx_HAL_Driver/Src/stm32f1xx_hal_cortex.o
 .debug_frame   0x000000000000121c      0x14c ./Drivers/STM32F1xx_HAL_Driver/Src/stm32f1xx_hal_gpio.o
 .debug_frame   0x0000000000001368      0x218 ./Drivers/STM32F1xx_HAL_Driver/Src/stm32f1xx_hal_rcc.o
 .debug_frame   0x0000000000001580     0x11b8 ./Drivers/STM32F1xx_HAL_Driver/Src/stm32f1xx_hal_tim.o
 .debug_frame   0x0000000000002738      0x638 ./Drivers/STM32F1xx_HAL_Driver/Src/stm32f1xx_hal_tim_ex.o
 .debug_frame   0x0000000000002d70       0x20 /opt/st/stm32cubeide_1.13.2/plugins/com.st.stm32cube.ide.mcu.externaltools.gnu-tools-for-stm32.11.3.rel1.linux64_1.1.1.202309131626/tools/bin/../lib/gcc/arm-none-eabi/11.3.1/../../../../arm-none-eabi/lib/thumb/v7-m/nofp/libc_nano.a(libc_a-memset.o)
 .debug_frame   0x0000000000002d90       0x2c /opt/st/stm32cubeide_1.13.2/plugins/com.st.stm32cube.ide.mcu.externaltools.gnu-tools-for-stm32.11.3.rel1.linux64_1.1.1.202309131626/tools/bin/../lib/gcc/arm-none-eabi/11.3.1/../../../../arm-none-eabi/lib/thumb/v7-m/nofp/libc_nano.a(libc_a-init.o)
 .debug_frame   0x0000000000002dbc       0x30 /opt/st/stm32cubeide_1.13.2/plugins/com.st.stm32cube.ide.mcu.externaltools.gnu-tools-for-stm32.11.3.rel1.linux64_1.1.1.202309131626/tools/bin/../lib/gcc/arm-none-eabi/11.3.1/thumb/v7-m/nofp/libgcc.a(_arm_muldf3.o)
 .debug_frame   0x0000000000002dec       0xac /opt/st/stm32cubeide_1.13.2/plugins/com.st.stm32cube.ide.mcu.externaltools.gnu-tools-for-stm32.11.3.rel1.linux64_1.1.1.202309131626/tools/bin/../lib/gcc/arm-none-eabi/11.3.1/thumb/v7-m/nofp/libgcc.a(_arm_addsubdf3.o)
 .debug_frame   0x0000000000002e98       0x24 /opt/st/stm32cubeide_1.13.2/plugins/com.st.stm32cube.ide.mcu.externaltools.gnu-tools-for-stm32.11.3.rel1.linux64_1.1.1.202309131626/tools/bin/../lib/gcc/arm-none-eabi/11.3.1/thumb/v7-m/nofp/libgcc.a(_arm_truncdfsf2.o)
 .debug_frame   0x0000000000002ebc       0x4c /opt/st/stm32cubeide_1.13.2/plugins/com.st.stm32cube.ide.mcu.externaltools.gnu-tools-for-stm32.11.3.rel1.linux64_1.1.1.202309131626/tools/bin/../lib/gcc/arm-none-eabi/11.3.1/thumb/v7-m/nofp/libgcc.a(_arm_addsubsf3.o)
 .debug_frame   0x0000000000002f08       0x38 /opt/st/stm32cubeide_1.13.2/plugins/com.st.stm32cube.ide.mcu.externaltools.gnu-tools-for-stm32.11.3.rel1.linux64_1.1.1.202309131626/tools/bin/../lib/gcc/arm-none-eabi/11.3.1/thumb/v7-m/nofp/libgcc.a(_arm_muldivsf3.o)
 .debug_frame   0x0000000000002f40       0xc8 /opt/st/stm32cubeide_1.13.2/plugins/com.st.stm32cube.ide.mcu.externaltools.gnu-tools-for-stm32.11.3.rel1.linux64_1.1.1.202309131626/tools/bin/../lib/gcc/arm-none-eabi/11.3.1/thumb/v7-m/nofp/libgcc.a(_arm_cmpsf2.o)
 .debug_frame   0x0000000000003008       0x24 /opt/st/stm32cubeide_1.13.2/plugins/com.st.stm32cube.ide.mcu.externaltools.gnu-tools-for-stm32.11.3.rel1.linux64_1.1.1.202309131626/tools/bin/../lib/gcc/arm-none-eabi/11.3.1/thumb/v7-m/nofp/libgcc.a(_arm_fixunssfsi.o)

.debug_line_str
                0x0000000000000000       0x67
 .debug_line_str
                0x0000000000000000       0x67 ./Core/Startup/startup_stm32f103c6tx.o
                                         0x7f (size before relaxing)
